13:22:51.273 mode=shm size=1280x800
13:22:51.291 client connected
13:22:51.291 client connected
13:22:51.315 bind wl_compositor v3 -> id 4
13:22:51.315 bind wl_shm v1 -> id 5
13:22:51.315 bind wl_output v2 -> id 6
13:22:51.315 bind wl_subcompositor v1 -> id 8
13:22:51.315 bind wl_data_device_manager v3 -> id 9
13:22:51.315 bind wl_seat v5 -> id 10
[2714926, Main Thread] WARNING: Theme parsing error: gtk-dark.css:3213:16: Unit is missing.: 'glib warning', file toolkit/xre/nsSigHandlers.cpp:200

(zen:2714926): Gtk-WARNING **: 13:22:51.320: Theme parsing error: gtk-dark.css:3213:16: Unit is missing.
13:22:51.350 bind xdg_wm_base v2 -> id 14
13:22:51.351 bind wl_compositor v4 -> id 18
13:22:51.351 bind wl_shm v1 -> id 19
13:22:51.351 bind wl_seat v5 -> id 20
13:22:51.351 bind wl_output v3 -> id 21
13:22:51.351 bind xdg_wm_base v2 -> id 22
13:22:51.351 bind wl_subcompositor v1 -> id 23
13:22:51.351 bind wl_data_device_manager v3 -> id 24
13:22:51.357 client connected
[Parent 2714926, Main Thread] WARNING: Theme parsing error: gtk.css:3213:16: Unit is missing.: 'glib warning', file toolkit/xre/nsSigHandlers.cpp:200

(zen:2714926): Gtk-WARNING **: 13:22:51.375: Theme parsing error: gtk.css:3213:16: Unit is missing.
13:22:51.376 bind wl_shm v1 -> id 6
[Parent 2714926, Main Thread] WARNING: Theme parsing error: gtk.css:3213:16: Unit is missing.: 'glib warning', file toolkit/xre/nsSigHandlers.cpp:200

(zen:2714926): Gtk-WARNING **: 13:22:51.437: Theme parsing error: gtk.css:3213:16: Unit is missing.
[Parent 2714926, Main Thread] WARNING: Theme parsing error: gtk-dark.css:3213:16: Unit is missing.: 'glib warning', file toolkit/xre/nsSigHandlers.cpp:200

(zen:2714926): Gtk-WARNING **: 13:22:51.464: Theme parsing error: gtk-dark.css:3213:16: Unit is missing.
13:22:52.193 toplevel title: "Zen Browser"
13:22:52.193 toplevel app_id: "zen"
13:22:52.274 stats: frames=2 composite=3.53605ms encode=1.079827ms write=1.184µs commit_to_out=13.44584ms avg_bytes=70 avg_dmg_px=1024000
13:22:53.274 stats: frames=35 composite=6.630437ms encode=1.008106ms write=1.073µs commit_to_out=18.372036ms avg_bytes=70 avg_dmg_px=989593
13:22:54.274 stats: frames=40 composite=6.521921ms encode=1.01259ms write=1.599µs commit_to_out=17.795269ms avg_bytes=70 avg_dmg_px=986521
13:22:55.274 stats: frames=37 composite=6.846792ms encode=995.174µs write=1.064µs commit_to_out=22.026963ms avg_bytes=70 avg_dmg_px=1024000
13:22:56.275 stats: frames=11 composite=6.84677ms encode=897.159µs write=990ns commit_to_out=24.816568ms avg_bytes=70 avg_dmg_px=1024000
13:23:14.275 stats: frames=2 composite=6.708496ms encode=890.446µs write=836ns commit_to_out=16.111087ms avg_bytes=70 avg_dmg_px=1024000
